// Jest Snapshot v1, https://goo.gl/fbAQLP

exports[`Navbar renders the UI as expected 1`] = `
<footer
  className="footer"
>
  <p
    className="footer-text"
  >
    Created by Kossi-Stack as React Capstone.
  </p>
</footer>
`;
